smash> hello> smash pid is 698
hello> /home/ariel/testHW1
hello> 